INFO:     Will watch for changes in these directories: ['D:\\3rd year\\Hackathon\\IIIT-Pune-Team-Techno\\backend']
INFO:     Uvicorn running on http://127.0.0.1:8100 (Press CTRL+C to quit)
INFO:     Started reloader process [33964] using WatchFiles
INFO:     Started server process [34096]
INFO:     Waiting for application startup.
INFO:     Application startup complete.
GEMINI_API_KEY is not set; returning offline fallback
WARNING:  WatchFiles detected changes in 'app\services\crop_service.py'. Reloading...
INFO:     Shutting down
INFO:     Waiting for application shutdown.
INFO:     Application shutdown complete.
INFO:     Finished server process [34096]
WARNING:  WatchFiles detected changes in 'app\routes\crop.py', 'app\services\crop_service.py'. Reloading...
Process SpawnProcess-2:
Traceback (most recent call last):
  File "C:\Users\anjal\AppData\Local\Programs\Python\Python310\lib\multiprocessing\process.py", line 315, in _bootstrap
    self.run()
  File "C:\Users\anjal\AppData\Local\Programs\Python\Python310\lib\multiprocessing\process.py", line 108, in run
    self._target(*self._args, **self._kwargs)
  File "C:\Users\anjal\AppData\Local\Programs\Python\Python310\lib\site-packages\uvicorn\_subprocess.py", line 73, in subprocess_started
    sys.stdin = os.fdopen(stdin_fileno)  # pragma: full coverage
  File "C:\Users\anjal\AppData\Local\Programs\Python\Python310\lib\os.py", line 1029, in fdopen
    return io.open(fd, mode, buffering, encoding, *args, **kwargs)
  File "C:\Users\anjal\AppData\Local\Programs\Python\Python310\lib\encodings\__init__.py", line 99, in search_function
    mod = __import__('encodings.' + modname, fromlist=_import_tail,
  File "<frozen importlib._bootstrap>", line 1027, in _find_and_load
  File "<frozen importlib._bootstrap>", line 1002, in _find_and_load_unlocked
  File "<frozen importlib._bootstrap>", line 945, in _find_spec
  File "<frozen importlib._bootstrap_external>", line 1439, in find_spec
  File "<frozen importlib._bootstrap_external>", line 1411, in _get_spec
  File "<frozen importlib._bootstrap_external>", line 1544, in find_spec
  File "<frozen importlib._bootstrap_external>", line 147, in _path_stat
KeyboardInterrupt
INFO:     Started server process [8572]
INFO:     Waiting for application startup.
INFO:     Application startup complete.
WARNING:  WatchFiles detected changes in 'app\services\crop_service.py'. Reloading...
